// Jest Snapshot v1, https://goo.gl/fbAQLP

exports[`Settings component renders correctly 1`] = `
"<div class=\\"pb\\"><label for=\\"theme\\">Theme</label>
  <select id=\\"theme\\"><option value=\\"l\\">Light</option><option value=\\"d\\">Dark</option></select></div>

<hr>

<div class=\\"pb\\"><label for=\\"opt-out\\"><input id=\\"opt-out\\" type=\\"checkbox\\">
    Allow error tracking</label></div>

<footer><small><em>Tip: Settings sync to your account.</em></small></footer>"
`;
