// Jest Snapshot v1, https://goo.gl/fbAQLP

exports[`Settings component renders correctly 1`] = `
"<div><div class=\\"row\\"><label for=\\"theme\\">Theme</label>
    <select id=\\"theme\\"><option value=\\"l\\">Light</option><option value=\\"\\">Dark</option></select></div>

  <hr>

  <small><em>※ Settings sync to your account.</em></small></div>"
`;
