// Jest Snapshot v1, https://goo.gl/fbAQLP

exports[`Settings component renders correctly 1`] = `
"<div class=\\"row\\"><label>Theme:</label>
  <select><option value=\\"\\">Dark</option><option value=\\"l\\">Light</option></select></div>

<div class=\\"row\\"><label>List order:</label>
  <button class=\\"reset\\">Reset</button>
  <ul></ul></div>"
`;
