// Bun Snapshot v1, https://goo.gl/fbAQLP

exports[`rendered DOM matches snapshot 1`] = `"<div id="c"><input id="s" type="search" placeholder="Search browser..."><svg id="i"><circle cx="11" cy="11" r="8"></circle><line x1="24" y1="24" x2="16.65" y2="16.65"></line></svg><div hidden=""><h2>Open Tabs</h2><div></div><button>Show more</button></div><div hidden=""><h2>Bookmarks</h2><div></div><button>Show more</button></div><div hidden=""><h2>History</h2><div></div><button>Show more</button></div><div hidden=""><h2>Top Sites</h2><div></div><button>Show more</button></div><div hidden=""><h2>Recently Closed Tabs</h2><div></div><button>Show more</button></div></div>"`;
